
Running 92 tests using 1 worker

(node:99105) Warning: The 'NO_COLOR' env is ignored due to the 'FORCE_COLOR' env being set.
(Use `node --trace-warnings ...` to show where the warning was created)
  ✓   1 [firefox] › tests/dismissal.spec.js:14:1 › non-dismissible blocks Escape, close, Continue and backdrop; confirmation persists (5.2s)
  ✓   2 [firefox] › tests/dismissal.spec.js:27:1 › non-dismissible storage and clipboard denial still allow confirmation (2.2s)
  ✓   3 [firefox] › tests/dismissal.spec.js:38:1 › dismissible close is keyboard accessible and does not remember a preference (2.5s)
  ✓   4 [firefox] › tests/dismissal.spec.js:45:1 › non-dismissible narrow layout and accessibility (3.4s)
  ✓   5 [firefox] › tests/edge.spec.js:34:1 › large and malformed unrelated metadata does not hide a later recipe or freeze the page (4.0s)
  ✓   6 [firefox] › tests/edge.spec.js:45:1 › 20,000 nested metadata levels fail safely and allow a later recipe (2.0s)
  ✓   7 [firefox] › tests/edge.spec.js:56:1 › many unrelated metadata nodes keep controls responsive (1.0s)
  ✓   8 [firefox] › tests/edge.spec.js:67:3 › corrupted or unreasonable remembered expiry (NaN) does not bypass (632ms)
  ✓   9 [firefox] › tests/edge.spec.js:67:3 › corrupted or unreasonable remembered expiry (Infinity) does not bypass (567ms)
  ✓  10 [firefox] › tests/edge.spec.js:67:3 › corrupted or unreasonable remembered expiry ({broken) does not bypass (1.3s)
  ✓  11 [firefox] › tests/edge.spec.js:67:3 › corrupted or unreasonable remembered expiry (-1) does not bypass (2.1s)
  ✓  12 [firefox] › tests/edge.spec.js:67:3 › corrupted or unreasonable remembered expiry (999999999999999) does not bypass (2.5s)
  ✓  13 [firefox] › tests/edge.spec.js:77:3 › dialog API missing leaves the original article readable without errors (1.5s)
  ✓  14 [firefox] › tests/edge.spec.js:77:3 › dialog API throws leaves the original article readable without errors (731ms)
  ✓  15 [firefox] › tests/edge.spec.js:92:1 › duplicate script delivery creates one modal with working dismissal (796ms)
  ✓  16 [firefox] › tests/edge.spec.js:105:3 › small 280x360 viewport at 200% text remains usable (1.3s)
  ✓  17 [firefox] › tests/edge.spec.js:105:3 › small 640x280 viewport at 200% text remains usable (2.2s)
  ✓  18 [firefox] › tests/edge.spec.js:120:1 › reduced motion preference disables control transition (1.8s)
  ✓  19 [firefox] › tests/edge.spec.js:128:1 › clipboard fallback participates in forward and reverse keyboard focus order (1.9s)
  ✓  20 [firefox] › tests/edge.spec.js:149:1 › remembered bypass survives navigation back and forward (3.1s)
  ✓  21 [firefox] › tests/edge.spec.js:163:3 › JavaScript disabled › recipe remains readable with no blocking warning (2.5s)
  ✓  22 [firefox] › tests/edge.spec.js:172:3 › Firefox tablet user agent › Android tablets receive the same dismissible warning (1.9s)
  ✓  23 [firefox] › tests/edge.spec.js:179:1 › archives, feeds and embedded posts do not load warning assets (373ms)
  ✓  24 [firefox] › tests/edge.spec.js:187:1 › root array recipe metadata is recognized (579ms)
  ✓  25 [firefox] › tests/edge.spec.js:194:3 › dark theme colors leave readable warning text and primary controls (698ms)
  ✓  26 [firefox] › tests/edge.spec.js:194:3 › low contrast theme colors leave readable warning text and primary controls (848ms)
  ✓  27 [firefox] › tests/edge.spec.js:213:1 › late duplicate delivery does not reopen a dismissed warning (677ms)
  ✓  28 [firefox] › tests/warning.spec.js:31:5 › Android Firefox › recipe warning appears (503ms)
  ✓  29 [firefox] › tests/warning.spec.js:31:5 › iOS Firefox › recipe warning appears (494ms)
  ✓  30 [firefox] › tests/warning.spec.js:31:5 › desktop Firefox › recipe warning stays absent (517ms)
  ✓  31 [firefox] › tests/warning.spec.js:31:5 › Android Chrome › recipe warning stays absent (1.1s)
  ✓  32 [firefox] › tests/warning.spec.js:31:5 › iOS Safari › recipe warning stays absent (438ms)
  ✓  33 [firefox] › tests/warning.spec.js:47:3 › plain page does not show the warning (406ms)
  ✓  34 [firefox] › tests/warning.spec.js:47:3 › password page does not show the warning (457ms)
  ✓  35 [firefox] › tests/warning.spec.js:47:3 › manual page shows the warning (495ms)
  ✓  36 [firefox] › tests/warning.spec.js:47:3 › wprm page shows the warning (494ms)
  ✓  37 [firefox] › tests/warning.spec.js:56:1 › confirmation lasts seven days, survives reload, and expires (935ms)
  ✓  38 [firefox] › tests/warning.spec.js:71:3 › continue dismisses only the current page and restores readable focus (776ms)
  ✓  39 [firefox] › tests/warning.spec.js:71:3 › Escape dismisses only the current page and restores readable focus (823ms)
  ✓  40 [firefox] › tests/warning.spec.js:83:1 › copy link reports successful clipboard write (694ms)
  ✓  41 [firefox] › tests/warning.spec.js:93:1 › denied clipboard exposes a focused, selected copy fallback (1.3s)
  ✓  42 [firefox] › tests/warning.spec.js:106:1 › unavailable storage still allows reading and never crashes (1.1s)
  ✓  43 [firefox] › tests/warning.spec.js:121:1 › malformed JSON-LD is ignored while valid recipe metadata still works (799ms)
  ✓  44 [firefox] › tests/warning.spec.js:137:1 › native modal traps keyboard focus and supports keyboard dismissal (568ms)
  ✓  45 [firefox] › tests/warning.spec.js:162:1 › 320px layout has no horizontal overflow and usable controls (589ms)
  ✓  46 [firefox] › tests/warning.spec.js:179:1 › warning has no serious or critical automated accessibility violations (1.2s)
(node:99715) Warning: The 'NO_COLOR' env is ignored due to the 'FORCE_COLOR' env being set.
(Use `node --trace-warnings ...` to show where the warning was created)
  ✓  47 [webkit] › tests/dismissal.spec.js:14:1 › non-dismissible blocks Escape, close, Continue and backdrop; confirmation persists (5.5s)
  ✓  48 [webkit] › tests/dismissal.spec.js:27:1 › non-dismissible storage and clipboard denial still allow confirmation (1.5s)
  ✓  49 [webkit] › tests/dismissal.spec.js:38:1 › dismissible close is keyboard accessible and does not remember a preference (929ms)
  ✓  50 [webkit] › tests/dismissal.spec.js:45:1 › non-dismissible narrow layout and accessibility (1.1s)
  ✓  51 [webkit] › tests/edge.spec.js:34:1 › large and malformed unrelated metadata does not hide a later recipe or freeze the page (642ms)
  ✓  52 [webkit] › tests/edge.spec.js:45:1 › 20,000 nested metadata levels fail safely and allow a later recipe (593ms)
  ✓  53 [webkit] › tests/edge.spec.js:56:1 › many unrelated metadata nodes keep controls responsive (657ms)
  ✓  54 [webkit] › tests/edge.spec.js:67:3 › corrupted or unreasonable remembered expiry (NaN) does not bypass (570ms)
  ✓  55 [webkit] › tests/edge.spec.js:67:3 › corrupted or unreasonable remembered expiry (Infinity) does not bypass (502ms)
  ✓  56 [webkit] › tests/edge.spec.js:67:3 › corrupted or unreasonable remembered expiry ({broken) does not bypass (682ms)
  ✓  57 [webkit] › tests/edge.spec.js:67:3 › corrupted or unreasonable remembered expiry (-1) does not bypass (710ms)
  ✓  58 [webkit] › tests/edge.spec.js:67:3 › corrupted or unreasonable remembered expiry (999999999999999) does not bypass (945ms)
  ✓  59 [webkit] › tests/edge.spec.js:77:3 › dialog API missing leaves the original article readable without errors (563ms)
  ✓  60 [webkit] › tests/edge.spec.js:77:3 › dialog API throws leaves the original article readable without errors (649ms)
  ✓  61 [webkit] › tests/edge.spec.js:92:1 › duplicate script delivery creates one modal with working dismissal (1.1s)
  ✓  62 [webkit] › tests/edge.spec.js:105:3 › small 280x360 viewport at 200% text remains usable (633ms)
  ✓  63 [webkit] › tests/edge.spec.js:105:3 › small 640x280 viewport at 200% text remains usable (739ms)
  ✓  64 [webkit] › tests/edge.spec.js:120:1 › reduced motion preference disables control transition (1.6s)
  ✓  65 [webkit] › tests/edge.spec.js:128:1 › clipboard fallback participates in forward and reverse keyboard focus order (853ms)
  ✓  66 [webkit] › tests/edge.spec.js:149:1 › remembered bypass survives navigation back and forward (1.7s)
  ✓  67 [webkit] › tests/edge.spec.js:163:3 › JavaScript disabled › recipe remains readable with no blocking warning (810ms)
  ✓  68 [webkit] › tests/edge.spec.js:172:3 › Firefox tablet user agent › Android tablets receive the same dismissible warning (647ms)
  ✓  69 [webkit] › tests/edge.spec.js:179:1 › archives, feeds and embedded posts do not load warning assets (364ms)
  ✓  70 [webkit] › tests/edge.spec.js:187:1 › root array recipe metadata is recognized (720ms)
  ✓  71 [webkit] › tests/edge.spec.js:194:3 › dark theme colors leave readable warning text and primary controls (702ms)
  ✓  72 [webkit] › tests/edge.spec.js:194:3 › low contrast theme colors leave readable warning text and primary controls (797ms)
  ✓  73 [webkit] › tests/edge.spec.js:213:1 › late duplicate delivery does not reopen a dismissed warning (758ms)
  ✓  74 [webkit] › tests/warning.spec.js:31:5 › Android Firefox › recipe warning appears (623ms)
  ✓  75 [webkit] › tests/warning.spec.js:31:5 › iOS Firefox › recipe warning appears (638ms)
  ✓  76 [webkit] › tests/warning.spec.js:31:5 › desktop Firefox › recipe warning stays absent (631ms)
  ✓  77 [webkit] › tests/warning.spec.js:31:5 › Android Chrome › recipe warning stays absent (493ms)
  ✓  78 [webkit] › tests/warning.spec.js:31:5 › iOS Safari › recipe warning stays absent (588ms)
  ✓  79 [webkit] › tests/warning.spec.js:47:3 › plain page does not show the warning (480ms)
  ✓  80 [webkit] › tests/warning.spec.js:47:3 › password page does not show the warning (518ms)
  ✓  81 [webkit] › tests/warning.spec.js:47:3 › manual page shows the warning (489ms)
  ✓  82 [webkit] › tests/warning.spec.js:47:3 › wprm page shows the warning (570ms)
  ✓  83 [webkit] › tests/warning.spec.js:56:1 › confirmation lasts seven days, survives reload, and expires (929ms)
  ✓  84 [webkit] › tests/warning.spec.js:71:3 › continue dismisses only the current page and restores readable focus (783ms)
  ✓  85 [webkit] › tests/warning.spec.js:71:3 › Escape dismisses only the current page and restores readable focus (732ms)
  ✓  86 [webkit] › tests/warning.spec.js:83:1 › copy link reports successful clipboard write (535ms)
  ✓  87 [webkit] › tests/warning.spec.js:93:1 › denied clipboard exposes a focused, selected copy fallback (670ms)
  ✓  88 [webkit] › tests/warning.spec.js:106:1 › unavailable storage still allows reading and never crashes (859ms)
  ✓  89 [webkit] › tests/warning.spec.js:121:1 › malformed JSON-LD is ignored while valid recipe metadata still works (872ms)
  ✓  90 [webkit] › tests/warning.spec.js:137:1 › native modal traps keyboard focus and supports keyboard dismissal (589ms)
  ✓  91 [webkit] › tests/warning.spec.js:162:1 › 320px layout has no horizontal overflow and usable controls (589ms)
  ✓  92 [webkit] › tests/warning.spec.js:179:1 › warning has no serious or critical automated accessibility violations (1.1s)

  92 passed (1.8m)
